loading 16939 train segment features
epoch 0 (identity == frozen MCoT baseline): {"R@1": 54.9629, "R@5": 85.2906, "R@10": 91.8919, "R@50": 98.4932, "subset_R@1": 78.0196, "subset_R@2": 91.9397, "subset_R@3": 96.6754, "Avg": 81.6551}
hard negatives: (28225, 64) from /root/autodl-tmp/weave/runs/SATE_precompute/train_hard_negatives.npy
epoch 1 loss 1.1276 (140s) {"R@1": 55.1782, "R@5": 85.2906, "R@10": 92.1789, "R@50": 98.5649, "subset_R@1": 77.8522, "subset_R@2": 91.9876, "subset_R@3": 96.8907, "Avg": 81.5714}
epoch 2 loss 1.0674 (141s) {"R@1": 55.4174, "R@5": 85.769, "R@10": 92.0832, "R@50": 98.4453, "subset_R@1": 77.7087, "subset_R@2": 91.9636, "subset_R@3": 96.6994, "Avg": 81.7388}
  saved new best Avg=81.7388
epoch 3 loss 1.0184 (140s) {"R@1": 55.1543, "R@5": 85.171, "R@10": 92.2507, "R@50": 98.3975, "subset_R@1": 78.2349, "subset_R@2": 91.6766, "subset_R@3": 96.4363, "Avg": 81.7029}
epoch 4 loss 0.9430 (140s) {"R@1": 54.5802, "R@5": 85.0036, "R@10": 91.6049, "R@50": 98.3258, "subset_R@1": 77.8283, "subset_R@2": 91.8919, "subset_R@3": 96.508, "Avg": 81.4159}
epoch 5 loss 0.8621 (144s) {"R@1": 54.0062, "R@5": 84.9318, "R@10": 91.4614, "R@50": 97.9909, "subset_R@1": 77.4217, "subset_R@2": 91.6049, "subset_R@3": 96.5558, "Avg": 81.1768}
epoch 6 loss 0.8167 (152s) {"R@1": 53.9584, "R@5": 84.1425, "R@10": 91.4135, "R@50": 98.1105, "subset_R@1": 77.613, "subset_R@2": 91.8919, "subset_R@3": 96.4363, "Avg": 80.8778}
epoch 7 loss 0.7503 (187s) {"R@1": 52.2363, "R@5": 83.9751, "R@10": 91.0787, "R@50": 98.0627, "subset_R@1": 76.9194, "subset_R@2": 91.4853, "subset_R@3": 96.2688, "Avg": 80.4473}
epoch 8 loss 0.6906 (188s) {"R@1": 51.5666, "R@5": 83.6164, "R@10": 90.8873, "R@50": 97.9909, "subset_R@1": 76.2736, "subset_R@2": 91.4375, "subset_R@3": 96.2688, "Avg": 79.945}
epoch 9 loss 0.6378 (189s) {"R@1": 51.5905, "R@5": 83.2576, "R@10": 91.1026, "R@50": 98.1105, "subset_R@1": 76.752, "subset_R@2": 91.4135, "subset_R@3": 96.508, "Avg": 80.0048}
epoch 10 loss 0.5831 (189s) {"R@1": 51.6623, "R@5": 82.8749, "R@10": 90.3612, "R@50": 97.8713, "subset_R@1": 76.6324, "subset_R@2": 90.8156, "subset_R@3": 95.9818, "Avg": 79.7536}
epoch 11 loss 0.5551 (192s) {"R@1": 50.1555, "R@5": 82.3966, "R@10": 90.2894, "R@50": 98.0387, "subset_R@1": 76.1301, "subset_R@2": 90.9113, "subset_R@3": 96.1253, "Avg": 79.2633}
epoch 12 loss 0.5136 (180s) {"R@1": 50.0359, "R@5": 82.7314, "R@10": 89.9546, "R@50": 97.8952, "subset_R@1": 76.1301, "subset_R@2": 90.7678, "subset_R@3": 96.0057, "Avg": 79.4308}
epoch 13 loss 0.4862 (180s) {"R@1": 50.2033, "R@5": 81.5834, "R@10": 90.0981, "R@50": 97.8952, "subset_R@1": 76.2975, "subset_R@2": 90.7199, "subset_R@3": 96.1732, "Avg": 78.9404}
epoch 14 loss 0.4535 (178s) {"R@1": 49.6771, "R@5": 82.1335, "R@10": 90.0502, "R@50": 97.7996, "subset_R@1": 75.7953, "subset_R@2": 90.983, "subset_R@3": 96.1492, "Avg": 78.9644}
epoch 15 loss 0.4188 (152s) {"R@1": 49.0074, "R@5": 81.3681, "R@10": 89.6197, "R@50": 97.7278, "subset_R@1": 75.5561, "subset_R@2": 90.5286, "subset_R@3": 96.1253, "Avg": 78.4621}
{
  "baseline_Avg": 81.6551064338675,
  "best_Avg": 81.7388184644822
}
